// Jest Snapshot v1, https://goo.gl/fbAQLP

exports[`matches Snapshot 1`] = `undefined`;

exports[`show add button 1`] = `undefined`;
