// Jest Snapshot v1, https://goo.gl/fbAQLP

exports[` 1`] = `undefined`;

exports[`Renders Searchform 1`] = `undefined`;

exports[`matches Snapshot 1`] = `undefined`;

exports[`matches Snapshot 2`] = `undefined`;
