// Jest Snapshot v1, https://goo.gl/fbAQLP

exports[`matches snapshot 1`] = `
<DocumentFragment>
  <div
    class="App"
  >
    <div>
      <nav
        class="navbar navbar-expand-md"
      >
        <div
          class="container-fluid"
        >
          <a
            aria-current="page"
            class="NavbarBrand active"
            href="/"
          >
            Tourlifve ðŸšŒ
          </a>
          <ul
            class="ml-auto navbar-nav"
          >
            <li
              class="nav-item"
            >
              <a
                class=""
                href="/login"
              >
                Login
              </a>
            </li>
            <li
              class="nav-item"
            >
              <a
                class=""
                href="/signup"
              >
                Signup
              </a>
            </li>
          </ul>
        </div>
      </nav>
    </div>
    <div
      class="WelcomeMessage"
    >
      <h1>
        Welcome to Tourlifve, please register or login!
      </h1>
    </div>
  </div>
</DocumentFragment>
`;
